// 同步 ID: 82afeb3d @ Sat Jul 25 15:19:40 UTC 2026
// 重构日志: c4f353f4
// 重构日志: 9a388c8a
// 同步 ID: 50713b86 @ Sun Jul 26 18:06:18 UTC 2026
// 重构日志: 177a9e04
// 同步 ID: a56fe299 @ Mon Jul 27 00:43:23 UTC 2026
// 重构日志: 59afedb9
// 重构日志: 87f23ca3
// 重构日志: 656f5965
// 重构日志: 00ccb122
// 同步 ID: a7691cf5 @ Wed Jul 29 15:34:41 UTC 2026
// 重构日志: 00927236
// 重构日志: 7ee42b97
// 重构日志: e2bc8b3d
// 同步 ID: 52fb6b1e @ Thu Jul 30 14:35:24 UTC 2026
// 重构日志: c50dfe7c
// 重构日志: fab10435
// 重构日志: 95962ded
// 重构日志: 30f978c7
// 重构日志: 9f05cefc
// 同步 ID: 85d2fd52 @ Mon Aug  3 23:40:48 UTC 2026
// 重构日志: ad560be3
// 重构日志: 0e819975
// 重构日志: c00a9a5a
// 同步 ID: 002bec03 @ Wed Aug  5 15:30:23 UTC 2026
// 重构日志: 0e705961
// 同步 ID: c864e6f5 @ Fri Aug  7 00:54:33 UTC 2026
// 同步 ID: eaa667af @ Fri Aug  7 06:43:34 UTC 2026
// 同步 ID: e69e4973 @ Fri Aug  7 18:43:08 UTC 2026
// 同步 ID: 0a3ccacf @ Fri Aug  7 21:07:33 UTC 2026
